MPLINK 4.49, Linker
Linker Map File - Created Thu Dec 24 13:39:19 2020

                                 Section Info
                  Section       Type    Address   Location Size(Bytes)
                ---------  ---------  ---------  ---------  ---------
                    .code       code   0x000000    program   0x000004
                   .cinit    romdata   0x000004    program   0x000002
                   .org_0       code   0x000008    program   0x000004
                   .org_1       code   0x000018    program   0x000004
                      PRG       code   0x00001c    program   0x000344
    .config_300001_TN08.O    romdata   0x300001    program   0x000001
    .config_300003_TN08.O    romdata   0x300003    program   0x000001
    .config_300006_TN08.O    romdata   0x300006    program   0x000001
               D_LCD_DATA      udata   0x000000       data   0x000019
               .udata_acs      udata   0x000019       data   0x000002



                              Program Memory Usage 
                               Start         End      
                           ---------   ---------      
                            0x000000    0x000005      
                            0x000008    0x00000b      
                            0x000018    0x00035f      
                            0x300001    0x300001      
                            0x300003    0x300003      
                            0x300006    0x300006      
            853 out of 132120 program addresses used, program memory utilization is 0%



                              Symbols - Sorted by Name
                     Name    Address   Location    Storage File                     
                ---------  ---------  ---------  --------- ---------                
                   Adc_go   0x000308    program     extern D:\VXL_VDK\LAB8\Adc.asm  
                 Adc_init   0x0002ea    program     extern D:\VXL_VDK\LAB8\Adc.asm  
                  Adc_isr   0x00031a    program     extern D:\VXL_VDK\LAB8\Adc.asm  
              Adc_process   0x000344    program     extern D:\VXL_VDK\LAB8\tn08.asm 
                 Adc_wait   0x00030a    program     static D:\VXL_VDK\LAB8\Adc.asm  
                   D10241   0x0000e4    program     static D:\VXL_VDK\LAB8\LCD.asm  
                   D10242   0x0000ec    program     static D:\VXL_VDK\LAB8\LCD.asm  
                 D1024end   0x0000f0    program     static D:\VXL_VDK\LAB8\LCD.asm  
                    Delay   0x0002d0    program     static D:\VXL_VDK\LAB8\LCD.asm  
                Delay40ms   0x0002de    program     static D:\VXL_VDK\LAB8\LCD.asm  
                  Div1024   0x0000e0    program     extern D:\VXL_VDK\LAB8\LCD.asm  
                  LCDBusy   0x0002c6    program     static D:\VXL_VDK\LAB8\LCD.asm  
                  Lcd_cls   0x00004e    program     extern D:\VXL_VDK\LAB8\LCD.asm  
               Lcd_gotoxy   0x000058    program     extern D:\VXL_VDK\LAB8\LCD.asm  
                 Lcd_init   0x00001c    program     extern D:\VXL_VDK\LAB8\LCD.asm  
                 Lcd_putb   0x0001d4    program     extern D:\VXL_VDK\LAB8\LCD.asm  
                 Lcd_putc   0x00006c    program     extern D:\VXL_VDK\LAB8\LCD.asm  
                 Lcd_puth   0x0001de    program     extern D:\VXL_VDK\LAB8\LCD.asm  
               Lcd_putram   0x000206    program     extern D:\VXL_VDK\LAB8\LCD.asm  
               Lcd_putrom   0x000214    program     extern D:\VXL_VDK\LAB8\LCD.asm  
                 Lcd_putw   0x000162    program     extern D:\VXL_VDK\LAB8\LCD.asm  
            SPIPortA_init   0x000266    program     static D:\VXL_VDK\LAB8\LCD.asm  
            SPIPortB_init   0x00027e    program     static D:\VXL_VDK\LAB8\LCD.asm  
                 SPI_init   0x00024a    program     extern D:\VXL_VDK\LAB8\LCD.asm  
                 SPI_send   0x000258    program     static D:\VXL_VDK\LAB8\LCD.asm  
              Write_PortA   0x0002ae    program     static D:\VXL_VDK\LAB8\LCD.asm  
              Write_PortB   0x000296    program     static D:\VXL_VDK\LAB8\LCD.asm  
                      b2a   0x0001b8    program     static D:\VXL_VDK\LAB8\LCD.asm  
                  b_div10   0x00016c    program     static D:\VXL_VDK\LAB8\LCD.asm  
                     b_m1   0x000174    program     static D:\VXL_VDK\LAB8\LCD.asm  
                     b_m2   0x000188    program     static D:\VXL_VDK\LAB8\LCD.asm  
                     b_m3   0x00018a    program     static D:\VXL_VDK\LAB8\LCD.asm  
                  b_mod10   0x000192    program     static D:\VXL_VDK\LAB8\LCD.asm  
                    bcd2d   0x0001aa    program     extern D:\VXL_VDK\LAB8\LCD.asm  
                    bcd2p   0x000198    program     extern D:\VXL_VDK\LAB8\LCD.asm  
                  d_write   0x000224    program     static D:\VXL_VDK\LAB8\LCD.asm  
                    f_a21   0x00010c    program     static D:\VXL_VDK\LAB8\LCD.asm  
                    f_a22   0x00012a    program     static D:\VXL_VDK\LAB8\LCD.asm  
                f_a2over1   0x00012e    program     static D:\VXL_VDK\LAB8\LCD.asm  
                f_a2over2   0x000130    program     static D:\VXL_VDK\LAB8\LCD.asm  
                f_a2over3   0x000136    program     static D:\VXL_VDK\LAB8\LCD.asm  
                    f_ar1   0x0000a0    program     static D:\VXL_VDK\LAB8\LCD.asm  
                    f_ar2   0x0000be    program     static D:\VXL_VDK\LAB8\LCD.asm  
                f_arover1   0x0000c2    program     static D:\VXL_VDK\LAB8\LCD.asm  
                f_arover2   0x0000c4    program     static D:\VXL_VDK\LAB8\LCD.asm  
                f_arover3   0x0000ca    program     static D:\VXL_VDK\LAB8\LCD.asm  
                  find_ar   0x000094    program     static D:\VXL_VDK\LAB8\LCD.asm  
                 find_ar2   0x000100    program     static D:\VXL_VDK\LAB8\LCD.asm  
                      h2a   0x0001f2    program     static D:\VXL_VDK\LAB8\LCD.asm  
                     h2a1   0x000200    program     static D:\VXL_VDK\LAB8\LCD.asm  
                     h2a2   0x000202    program     static D:\VXL_VDK\LAB8\LCD.asm  
                  i_write   0x000238    program     static D:\VXL_VDK\LAB8\LCD.asm  
                     init   0x000336    program     static D:\VXL_VDK\LAB8\tn08.asm 
                 isr_high   0x00035a    program     static D:\VXL_VDK\LAB8\tn08.asm 
                  isr_low   0x00035e    program     static D:\VXL_VDK\LAB8\tn08.asm 
                     lap1   0x0002d6    program     static D:\VXL_VDK\LAB8\LCD.asm  
                     lap3   0x0002e2    program     static D:\VXL_VDK\LAB8\LCD.asm  
                     main   0x000334    program     static D:\VXL_VDK\LAB8\tn08.asm 
                  putram1   0x00020c    program     static D:\VXL_VDK\LAB8\LCD.asm  
                  putrom1   0x00021c    program     static D:\VXL_VDK\LAB8\LCD.asm  
                     row1   0x00005e    program     static D:\VXL_VDK\LAB8\LCD.asm  
                     row2   0x000060    program     static D:\VXL_VDK\LAB8\LCD.asm  
                   rowend   0x000064    program     static D:\VXL_VDK\LAB8\LCD.asm  
                    start   0x00032e    program     static D:\VXL_VDK\LAB8\tn08.asm 
                      w2a   0x00014c    program     static D:\VXL_VDK\LAB8\LCD.asm  
                     w2a1   0x000156    program     static D:\VXL_VDK\LAB8\LCD.asm  
                   w_divb   0x000072    program     static D:\VXL_VDK\LAB8\LCD.asm  
                  w_divb1   0x000076    program     static D:\VXL_VDK\LAB8\LCD.asm  
                  w_divb2   0x000080    program     static D:\VXL_VDK\LAB8\LCD.asm  
                w_divbend   0x000084    program     static D:\VXL_VDK\LAB8\LCD.asm  
                    wait1   0x00025c    program     static D:\VXL_VDK\LAB8\LCD.asm  
                 SPI_temp   0x000003       data     static D:\VXL_VDK\LAB8\LCD.asm  
                   ad_res   0x000019       data     extern D:\VXL_VDK\LAB8\Adc.asm  
                  dec_buf   0x00000b       data     static D:\VXL_VDK\LAB8\LCD.asm  
                  hex_buf   0x000011       data     static D:\VXL_VDK\LAB8\LCD.asm  
                 lcd_arhi   0x000016       data     static D:\VXL_VDK\LAB8\LCD.asm  
                 lcd_arlo   0x000015       data     static D:\VXL_VDK\LAB8\LCD.asm  
                  lcd_cnt   0x00000a       data     static D:\VXL_VDK\LAB8\LCD.asm  
                  lcd_col   0x000007       data     extern D:\VXL_VDK\LAB8\LCD.asm  
                  lcd_dem   0x000000       data     static D:\VXL_VDK\LAB8\LCD.asm  
                lcd_dem1a   0x000001       data     static D:\VXL_VDK\LAB8\LCD.asm  
                lcd_dem1b   0x000002       data     static D:\VXL_VDK\LAB8\LCD.asm  
                 lcd_dshi   0x000014       data     static D:\VXL_VDK\LAB8\LCD.asm  
                 lcd_dslo   0x000013       data     static D:\VXL_VDK\LAB8\LCD.asm  
                 lcd_mask   0x000005       data     static D:\VXL_VDK\LAB8\LCD.asm  
                 lcd_qohi   0x000018       data     static D:\VXL_VDK\LAB8\LCD.asm  
                 lcd_qolo   0x000017       data     static D:\VXL_VDK\LAB8\LCD.asm  
                  lcd_quo   0x000008       data     static D:\VXL_VDK\LAB8\LCD.asm  
                  lcd_rem   0x000009       data     static D:\VXL_VDK\LAB8\LCD.asm  
                  lcd_row   0x000006       data     extern D:\VXL_VDK\LAB8\LCD.asm  
                   lcd_wr   0x000004       data     extern D:\VXL_VDK\LAB8\LCD.asm  



                              Symbols - Sorted by Address
                     Name    Address   Location    Storage File                     
                ---------  ---------  ---------  --------- ---------                
                 Lcd_init   0x00001c    program     extern D:\VXL_VDK\LAB8\LCD.asm  
                  Lcd_cls   0x00004e    program     extern D:\VXL_VDK\LAB8\LCD.asm  
               Lcd_gotoxy   0x000058    program     extern D:\VXL_VDK\LAB8\LCD.asm  
                     row1   0x00005e    program     static D:\VXL_VDK\LAB8\LCD.asm  
                     row2   0x000060    program     static D:\VXL_VDK\LAB8\LCD.asm  
                   rowend   0x000064    program     static D:\VXL_VDK\LAB8\LCD.asm  
                 Lcd_putc   0x00006c    program     extern D:\VXL_VDK\LAB8\LCD.asm  
                   w_divb   0x000072    program     static D:\VXL_VDK\LAB8\LCD.asm  
                  w_divb1   0x000076    program     static D:\VXL_VDK\LAB8\LCD.asm  
                  w_divb2   0x000080    program     static D:\VXL_VDK\LAB8\LCD.asm  
                w_divbend   0x000084    program     static D:\VXL_VDK\LAB8\LCD.asm  
                  find_ar   0x000094    program     static D:\VXL_VDK\LAB8\LCD.asm  
                    f_ar1   0x0000a0    program     static D:\VXL_VDK\LAB8\LCD.asm  
                    f_ar2   0x0000be    program     static D:\VXL_VDK\LAB8\LCD.asm  
                f_arover1   0x0000c2    program     static D:\VXL_VDK\LAB8\LCD.asm  
                f_arover2   0x0000c4    program     static D:\VXL_VDK\LAB8\LCD.asm  
                f_arover3   0x0000ca    program     static D:\VXL_VDK\LAB8\LCD.asm  
                  Div1024   0x0000e0    program     extern D:\VXL_VDK\LAB8\LCD.asm  
                   D10241   0x0000e4    program     static D:\VXL_VDK\LAB8\LCD.asm  
                   D10242   0x0000ec    program     static D:\VXL_VDK\LAB8\LCD.asm  
                 D1024end   0x0000f0    program     static D:\VXL_VDK\LAB8\LCD.asm  
                 find_ar2   0x000100    program     static D:\VXL_VDK\LAB8\LCD.asm  
                    f_a21   0x00010c    program     static D:\VXL_VDK\LAB8\LCD.asm  
                    f_a22   0x00012a    program     static D:\VXL_VDK\LAB8\LCD.asm  
                f_a2over1   0x00012e    program     static D:\VXL_VDK\LAB8\LCD.asm  
                f_a2over2   0x000130    program     static D:\VXL_VDK\LAB8\LCD.asm  
                f_a2over3   0x000136    program     static D:\VXL_VDK\LAB8\LCD.asm  
                      w2a   0x00014c    program     static D:\VXL_VDK\LAB8\LCD.asm  
                     w2a1   0x000156    program     static D:\VXL_VDK\LAB8\LCD.asm  
                 Lcd_putw   0x000162    program     extern D:\VXL_VDK\LAB8\LCD.asm  
                  b_div10   0x00016c    program     static D:\VXL_VDK\LAB8\LCD.asm  
                     b_m1   0x000174    program     static D:\VXL_VDK\LAB8\LCD.asm  
                     b_m2   0x000188    program     static D:\VXL_VDK\LAB8\LCD.asm  
                     b_m3   0x00018a    program     static D:\VXL_VDK\LAB8\LCD.asm  
                  b_mod10   0x000192    program     static D:\VXL_VDK\LAB8\LCD.asm  
                    bcd2p   0x000198    program     extern D:\VXL_VDK\LAB8\LCD.asm  
                    bcd2d   0x0001aa    program     extern D:\VXL_VDK\LAB8\LCD.asm  
                      b2a   0x0001b8    program     static D:\VXL_VDK\LAB8\LCD.asm  
                 Lcd_putb   0x0001d4    program     extern D:\VXL_VDK\LAB8\LCD.asm  
                 Lcd_puth   0x0001de    program     extern D:\VXL_VDK\LAB8\LCD.asm  
                      h2a   0x0001f2    program     static D:\VXL_VDK\LAB8\LCD.asm  
                     h2a1   0x000200    program     static D:\VXL_VDK\LAB8\LCD.asm  
                     h2a2   0x000202    program     static D:\VXL_VDK\LAB8\LCD.asm  
               Lcd_putram   0x000206    program     extern D:\VXL_VDK\LAB8\LCD.asm  
                  putram1   0x00020c    program     static D:\VXL_VDK\LAB8\LCD.asm  
               Lcd_putrom   0x000214    program     extern D:\VXL_VDK\LAB8\LCD.asm  
                  putrom1   0x00021c    program     static D:\VXL_VDK\LAB8\LCD.asm  
                  d_write   0x000224    program     static D:\VXL_VDK\LAB8\LCD.asm  
                  i_write   0x000238    program     static D:\VXL_VDK\LAB8\LCD.asm  
                 SPI_init   0x00024a    program     extern D:\VXL_VDK\LAB8\LCD.asm  
                 SPI_send   0x000258    program     static D:\VXL_VDK\LAB8\LCD.asm  
                    wait1   0x00025c    program     static D:\VXL_VDK\LAB8\LCD.asm  
            SPIPortA_init   0x000266    program     static D:\VXL_VDK\LAB8\LCD.asm  
            SPIPortB_init   0x00027e    program     static D:\VXL_VDK\LAB8\LCD.asm  
              Write_PortB   0x000296    program     static D:\VXL_VDK\LAB8\LCD.asm  
              Write_PortA   0x0002ae    program     static D:\VXL_VDK\LAB8\LCD.asm  
                  LCDBusy   0x0002c6    program     static D:\VXL_VDK\LAB8\LCD.asm  
                    Delay   0x0002d0    program     static D:\VXL_VDK\LAB8\LCD.asm  
                     lap1   0x0002d6    program     static D:\VXL_VDK\LAB8\LCD.asm  
                Delay40ms   0x0002de    program     static D:\VXL_VDK\LAB8\LCD.asm  
                     lap3   0x0002e2    program     static D:\VXL_VDK\LAB8\LCD.asm  
                 Adc_init   0x0002ea    program     extern D:\VXL_VDK\LAB8\Adc.asm  
                   Adc_go   0x000308    program     extern D:\VXL_VDK\LAB8\Adc.asm  
                 Adc_wait   0x00030a    program     static D:\VXL_VDK\LAB8\Adc.asm  
                  Adc_isr   0x00031a    program     extern D:\VXL_VDK\LAB8\Adc.asm  
                    start   0x00032e    program     static D:\VXL_VDK\LAB8\tn08.asm 
                     main   0x000334    program     static D:\VXL_VDK\LAB8\tn08.asm 
                     init   0x000336    program     static D:\VXL_VDK\LAB8\tn08.asm 
              Adc_process   0x000344    program     extern D:\VXL_VDK\LAB8\tn08.asm 
                 isr_high   0x00035a    program     static D:\VXL_VDK\LAB8\tn08.asm 
                  isr_low   0x00035e    program     static D:\VXL_VDK\LAB8\tn08.asm 
                  lcd_dem   0x000000       data     static D:\VXL_VDK\LAB8\LCD.asm  
                lcd_dem1a   0x000001       data     static D:\VXL_VDK\LAB8\LCD.asm  
                lcd_dem1b   0x000002       data     static D:\VXL_VDK\LAB8\LCD.asm  
                 SPI_temp   0x000003       data     static D:\VXL_VDK\LAB8\LCD.asm  
                   lcd_wr   0x000004       data     extern D:\VXL_VDK\LAB8\LCD.asm  
                 lcd_mask   0x000005       data     static D:\VXL_VDK\LAB8\LCD.asm  
                  lcd_row   0x000006       data     extern D:\VXL_VDK\LAB8\LCD.asm  
                  lcd_col   0x000007       data     extern D:\VXL_VDK\LAB8\LCD.asm  
                  lcd_quo   0x000008       data     static D:\VXL_VDK\LAB8\LCD.asm  
                  lcd_rem   0x000009       data     static D:\VXL_VDK\LAB8\LCD.asm  
                  lcd_cnt   0x00000a       data     static D:\VXL_VDK\LAB8\LCD.asm  
                  dec_buf   0x00000b       data     static D:\VXL_VDK\LAB8\LCD.asm  
                  hex_buf   0x000011       data     static D:\VXL_VDK\LAB8\LCD.asm  
                 lcd_dslo   0x000013       data     static D:\VXL_VDK\LAB8\LCD.asm  
                 lcd_dshi   0x000014       data     static D:\VXL_VDK\LAB8\LCD.asm  
                 lcd_arlo   0x000015       data     static D:\VXL_VDK\LAB8\LCD.asm  
                 lcd_arhi   0x000016       data     static D:\VXL_VDK\LAB8\LCD.asm  
                 lcd_qolo   0x000017       data     static D:\VXL_VDK\LAB8\LCD.asm  
                 lcd_qohi   0x000018       data     static D:\VXL_VDK\LAB8\LCD.asm  
                   ad_res   0x000019       data     extern D:\VXL_VDK\LAB8\Adc.asm  


