MPLINK 4.49, Linker
Linker Map File - Created Mon Dec 28 12:17:41 2020

                                 Section Info
                  Section       Type    Address   Location Size(Bytes)
                ---------  ---------  ---------  ---------  ---------
                    .code       code   0x000000    program   0x000004
                   .cinit    romdata   0x000004    program   0x000002
                   .org_0       code   0x000008    program   0x000004
                   .org_1       code   0x000018    program   0x000004
                      PRG       code   0x00001c    program   0x000354
 .config_300001_TN04_5B.O    romdata   0x300001    program   0x000001
 .config_300003_TN04_5B.O    romdata   0x300003    program   0x000001
 .config_300006_TN04_5B.O    romdata   0x300006    program   0x000001
               D_LCD_DATA      udata   0x000000       data   0x000019
               .udata_acs      udata   0x000019       data   0x000003



                              Program Memory Usage 
                               Start         End      
                           ---------   ---------      
                            0x000000    0x000005      
                            0x000008    0x00000b      
                            0x000018    0x00036f      
                            0x300001    0x300001      
                            0x300003    0x300003      
                            0x300006    0x300006      
            869 out of 132120 program addresses used, program memory utilization is 0%



                              Symbols - Sorted by Name
                     Name    Address   Location    Storage File                     
                ---------  ---------  ---------  --------- ---------                
                   D10241   0x00010a    program     static D:\VXL_VDK\LAB4\LCD.asm  
                   D10242   0x000112    program     static D:\VXL_VDK\LAB4\LCD.asm  
                 D1024end   0x000116    program     static D:\VXL_VDK\LAB4\LCD.asm  
                    Delay   0x0002f6    program     static D:\VXL_VDK\LAB4\LCD.asm  
                Delay40ms   0x000304    program     static D:\VXL_VDK\LAB4\LCD.asm  
                  Div1024   0x000106    program     extern D:\VXL_VDK\LAB4\LCD.asm  
                  LCDBusy   0x0002ec    program     static D:\VXL_VDK\LAB4\LCD.asm  
                  Lcd_cls   0x000074    program     extern D:\VXL_VDK\LAB4\LCD.asm  
               Lcd_gotoxy   0x00007e    program     extern D:\VXL_VDK\LAB4\LCD.asm  
                 Lcd_init   0x000042    program     extern D:\VXL_VDK\LAB4\LCD.asm  
                 Lcd_putb   0x0001fa    program     extern D:\VXL_VDK\LAB4\LCD.asm  
                 Lcd_putc   0x000092    program     extern D:\VXL_VDK\LAB4\LCD.asm  
                 Lcd_puth   0x000204    program     extern D:\VXL_VDK\LAB4\LCD.asm  
               Lcd_putram   0x00022c    program     extern D:\VXL_VDK\LAB4\LCD.asm  
               Lcd_putrom   0x00023a    program     extern D:\VXL_VDK\LAB4\LCD.asm  
                 Lcd_putw   0x000188    program     extern D:\VXL_VDK\LAB4\LCD.asm  
            SPIPortA_init   0x00028c    program     static D:\VXL_VDK\LAB4\LCD.asm  
            SPIPortB_init   0x0002a4    program     static D:\VXL_VDK\LAB4\LCD.asm  
                 SPI_init   0x000270    program     extern D:\VXL_VDK\LAB4\LCD.asm  
                 SPI_send   0x00027e    program     static D:\VXL_VDK\LAB4\LCD.asm  
              Timer0_init   0x00001c    program     extern D:\VXL_VDK\LAB4\Timer.asm
               Timer0_isr   0x00003c    program     extern D:\VXL_VDK\LAB4\Timer.asm
             Timer0_reset   0x00002c    program     static D:\VXL_VDK\LAB4\Timer.asm
            Timer_process   0x000334    program     extern D:\VXL_VDK\LAB4\tn04_5b.asm
              Write_PortA   0x0002d4    program     static D:\VXL_VDK\LAB4\LCD.asm  
              Write_PortB   0x0002bc    program     static D:\VXL_VDK\LAB4\LCD.asm  
                      b2a   0x0001de    program     static D:\VXL_VDK\LAB4\LCD.asm  
                  b_div10   0x000192    program     static D:\VXL_VDK\LAB4\LCD.asm  
                     b_m1   0x00019a    program     static D:\VXL_VDK\LAB4\LCD.asm  
                     b_m2   0x0001ae    program     static D:\VXL_VDK\LAB4\LCD.asm  
                     b_m3   0x0001b0    program     static D:\VXL_VDK\LAB4\LCD.asm  
                  b_mod10   0x0001b8    program     static D:\VXL_VDK\LAB4\LCD.asm  
                    bcd2d   0x0001d0    program     extern D:\VXL_VDK\LAB4\LCD.asm  
                    bcd2p   0x0001be    program     extern D:\VXL_VDK\LAB4\LCD.asm  
                    bit1c   0x000344    program     static D:\VXL_VDK\LAB4\tn04_5b.asm
                    bit1s   0x00033e    program     static D:\VXL_VDK\LAB4\tn04_5b.asm
                  d_write   0x00024a    program     static D:\VXL_VDK\LAB4\LCD.asm  
                    f_a21   0x000132    program     static D:\VXL_VDK\LAB4\LCD.asm  
                    f_a22   0x000150    program     static D:\VXL_VDK\LAB4\LCD.asm  
                f_a2over1   0x000154    program     static D:\VXL_VDK\LAB4\LCD.asm  
                f_a2over2   0x000156    program     static D:\VXL_VDK\LAB4\LCD.asm  
                f_a2over3   0x00015c    program     static D:\VXL_VDK\LAB4\LCD.asm  
                    f_ar1   0x0000c6    program     static D:\VXL_VDK\LAB4\LCD.asm  
                    f_ar2   0x0000e4    program     static D:\VXL_VDK\LAB4\LCD.asm  
                f_arover1   0x0000e8    program     static D:\VXL_VDK\LAB4\LCD.asm  
                f_arover2   0x0000ea    program     static D:\VXL_VDK\LAB4\LCD.asm  
                f_arover3   0x0000f0    program     static D:\VXL_VDK\LAB4\LCD.asm  
                  find_ar   0x0000ba    program     static D:\VXL_VDK\LAB4\LCD.asm  
                 find_ar2   0x000126    program     static D:\VXL_VDK\LAB4\LCD.asm  
                      h2a   0x000218    program     static D:\VXL_VDK\LAB4\LCD.asm  
                     h2a1   0x000226    program     static D:\VXL_VDK\LAB4\LCD.asm  
                     h2a2   0x000228    program     static D:\VXL_VDK\LAB4\LCD.asm  
                  i_write   0x00025e    program     static D:\VXL_VDK\LAB4\LCD.asm  
                     init   0x000322    program     static D:\VXL_VDK\LAB4\tn04_5b.asm
                 isr_high   0x00036e    program     static D:\VXL_VDK\LAB4\tn04_5b.asm
                  isr_low   0x00036a    program     static D:\VXL_VDK\LAB4\tn04_5b.asm
                     lap1   0x0002fc    program     static D:\VXL_VDK\LAB4\LCD.asm  
                     lap3   0x000308    program     static D:\VXL_VDK\LAB4\LCD.asm  
                     main   0x000314    program     static D:\VXL_VDK\LAB4\tn04_5b.asm
                  putram1   0x000232    program     static D:\VXL_VDK\LAB4\LCD.asm  
                  putrom1   0x000242    program     static D:\VXL_VDK\LAB4\LCD.asm  
                     row1   0x000084    program     static D:\VXL_VDK\LAB4\LCD.asm  
                     row2   0x000086    program     static D:\VXL_VDK\LAB4\LCD.asm  
                   rowend   0x00008a    program     static D:\VXL_VDK\LAB4\LCD.asm  
                    start   0x000310    program     static D:\VXL_VDK\LAB4\tn04_5b.asm
                   to0.5s   0x00035a    program     static D:\VXL_VDK\LAB4\tn04_5b.asm
                     to1s   0x000352    program     static D:\VXL_VDK\LAB4\tn04_5b.asm
                     to2s   0x00034a    program     static D:\VXL_VDK\LAB4\tn04_5b.asm
                      w2a   0x000172    program     static D:\VXL_VDK\LAB4\LCD.asm  
                     w2a1   0x00017c    program     static D:\VXL_VDK\LAB4\LCD.asm  
                   w_divb   0x000098    program     static D:\VXL_VDK\LAB4\LCD.asm  
                  w_divb1   0x00009c    program     static D:\VXL_VDK\LAB4\LCD.asm  
                  w_divb2   0x0000a6    program     static D:\VXL_VDK\LAB4\LCD.asm  
                w_divbend   0x0000aa    program     static D:\VXL_VDK\LAB4\LCD.asm  
                    wait1   0x000282    program     static D:\VXL_VDK\LAB4\LCD.asm  
                 SPI_temp   0x000003       data     static D:\VXL_VDK\LAB4\LCD.asm  
                  dec_buf   0x00000b       data     static D:\VXL_VDK\LAB4\LCD.asm  
                      dem   0x000019       data     static D:\VXL_VDK\LAB4\tn04_5b.asm
                    flags   0x00001a       data     static D:\VXL_VDK\LAB4\tn04_5b.asm
                  hex_buf   0x000011       data     static D:\VXL_VDK\LAB4\LCD.asm  
                      idx   0x00001b       data     static D:\VXL_VDK\LAB4\tn04_5b.asm
                 lcd_arhi   0x000016       data     static D:\VXL_VDK\LAB4\LCD.asm  
                 lcd_arlo   0x000015       data     static D:\VXL_VDK\LAB4\LCD.asm  
                  lcd_cnt   0x00000a       data     static D:\VXL_VDK\LAB4\LCD.asm  
                  lcd_col   0x000007       data     extern D:\VXL_VDK\LAB4\LCD.asm  
                  lcd_dem   0x000000       data     static D:\VXL_VDK\LAB4\LCD.asm  
                lcd_dem1a   0x000001       data     static D:\VXL_VDK\LAB4\LCD.asm  
                lcd_dem1b   0x000002       data     static D:\VXL_VDK\LAB4\LCD.asm  
                 lcd_dshi   0x000014       data     static D:\VXL_VDK\LAB4\LCD.asm  
                 lcd_dslo   0x000013       data     static D:\VXL_VDK\LAB4\LCD.asm  
                 lcd_mask   0x000005       data     static D:\VXL_VDK\LAB4\LCD.asm  
                 lcd_qohi   0x000018       data     static D:\VXL_VDK\LAB4\LCD.asm  
                 lcd_qolo   0x000017       data     static D:\VXL_VDK\LAB4\LCD.asm  
                  lcd_quo   0x000008       data     static D:\VXL_VDK\LAB4\LCD.asm  
                  lcd_rem   0x000009       data     static D:\VXL_VDK\LAB4\LCD.asm  
                  lcd_row   0x000006       data     extern D:\VXL_VDK\LAB4\LCD.asm  
                   lcd_wr   0x000004       data     extern D:\VXL_VDK\LAB4\LCD.asm  



                              Symbols - Sorted by Address
                     Name    Address   Location    Storage File                     
                ---------  ---------  ---------  --------- ---------                
              Timer0_init   0x00001c    program     extern D:\VXL_VDK\LAB4\Timer.asm
             Timer0_reset   0x00002c    program     static D:\VXL_VDK\LAB4\Timer.asm
               Timer0_isr   0x00003c    program     extern D:\VXL_VDK\LAB4\Timer.asm
                 Lcd_init   0x000042    program     extern D:\VXL_VDK\LAB4\LCD.asm  
                  Lcd_cls   0x000074    program     extern D:\VXL_VDK\LAB4\LCD.asm  
               Lcd_gotoxy   0x00007e    program     extern D:\VXL_VDK\LAB4\LCD.asm  
                     row1   0x000084    program     static D:\VXL_VDK\LAB4\LCD.asm  
                     row2   0x000086    program     static D:\VXL_VDK\LAB4\LCD.asm  
                   rowend   0x00008a    program     static D:\VXL_VDK\LAB4\LCD.asm  
                 Lcd_putc   0x000092    program     extern D:\VXL_VDK\LAB4\LCD.asm  
                   w_divb   0x000098    program     static D:\VXL_VDK\LAB4\LCD.asm  
                  w_divb1   0x00009c    program     static D:\VXL_VDK\LAB4\LCD.asm  
                  w_divb2   0x0000a6    program     static D:\VXL_VDK\LAB4\LCD.asm  
                w_divbend   0x0000aa    program     static D:\VXL_VDK\LAB4\LCD.asm  
                  find_ar   0x0000ba    program     static D:\VXL_VDK\LAB4\LCD.asm  
                    f_ar1   0x0000c6    program     static D:\VXL_VDK\LAB4\LCD.asm  
                    f_ar2   0x0000e4    program     static D:\VXL_VDK\LAB4\LCD.asm  
                f_arover1   0x0000e8    program     static D:\VXL_VDK\LAB4\LCD.asm  
                f_arover2   0x0000ea    program     static D:\VXL_VDK\LAB4\LCD.asm  
                f_arover3   0x0000f0    program     static D:\VXL_VDK\LAB4\LCD.asm  
                  Div1024   0x000106    program     extern D:\VXL_VDK\LAB4\LCD.asm  
                   D10241   0x00010a    program     static D:\VXL_VDK\LAB4\LCD.asm  
                   D10242   0x000112    program     static D:\VXL_VDK\LAB4\LCD.asm  
                 D1024end   0x000116    program     static D:\VXL_VDK\LAB4\LCD.asm  
                 find_ar2   0x000126    program     static D:\VXL_VDK\LAB4\LCD.asm  
                    f_a21   0x000132    program     static D:\VXL_VDK\LAB4\LCD.asm  
                    f_a22   0x000150    program     static D:\VXL_VDK\LAB4\LCD.asm  
                f_a2over1   0x000154    program     static D:\VXL_VDK\LAB4\LCD.asm  
                f_a2over2   0x000156    program     static D:\VXL_VDK\LAB4\LCD.asm  
                f_a2over3   0x00015c    program     static D:\VXL_VDK\LAB4\LCD.asm  
                      w2a   0x000172    program     static D:\VXL_VDK\LAB4\LCD.asm  
                     w2a1   0x00017c    program     static D:\VXL_VDK\LAB4\LCD.asm  
                 Lcd_putw   0x000188    program     extern D:\VXL_VDK\LAB4\LCD.asm  
                  b_div10   0x000192    program     static D:\VXL_VDK\LAB4\LCD.asm  
                     b_m1   0x00019a    program     static D:\VXL_VDK\LAB4\LCD.asm  
                     b_m2   0x0001ae    program     static D:\VXL_VDK\LAB4\LCD.asm  
                     b_m3   0x0001b0    program     static D:\VXL_VDK\LAB4\LCD.asm  
                  b_mod10   0x0001b8    program     static D:\VXL_VDK\LAB4\LCD.asm  
                    bcd2p   0x0001be    program     extern D:\VXL_VDK\LAB4\LCD.asm  
                    bcd2d   0x0001d0    program     extern D:\VXL_VDK\LAB4\LCD.asm  
                      b2a   0x0001de    program     static D:\VXL_VDK\LAB4\LCD.asm  
                 Lcd_putb   0x0001fa    program     extern D:\VXL_VDK\LAB4\LCD.asm  
                 Lcd_puth   0x000204    program     extern D:\VXL_VDK\LAB4\LCD.asm  
                      h2a   0x000218    program     static D:\VXL_VDK\LAB4\LCD.asm  
                     h2a1   0x000226    program     static D:\VXL_VDK\LAB4\LCD.asm  
                     h2a2   0x000228    program     static D:\VXL_VDK\LAB4\LCD.asm  
               Lcd_putram   0x00022c    program     extern D:\VXL_VDK\LAB4\LCD.asm  
                  putram1   0x000232    program     static D:\VXL_VDK\LAB4\LCD.asm  
               Lcd_putrom   0x00023a    program     extern D:\VXL_VDK\LAB4\LCD.asm  
                  putrom1   0x000242    program     static D:\VXL_VDK\LAB4\LCD.asm  
                  d_write   0x00024a    program     static D:\VXL_VDK\LAB4\LCD.asm  
                  i_write   0x00025e    program     static D:\VXL_VDK\LAB4\LCD.asm  
                 SPI_init   0x000270    program     extern D:\VXL_VDK\LAB4\LCD.asm  
                 SPI_send   0x00027e    program     static D:\VXL_VDK\LAB4\LCD.asm  
                    wait1   0x000282    program     static D:\VXL_VDK\LAB4\LCD.asm  
            SPIPortA_init   0x00028c    program     static D:\VXL_VDK\LAB4\LCD.asm  
            SPIPortB_init   0x0002a4    program     static D:\VXL_VDK\LAB4\LCD.asm  
              Write_PortB   0x0002bc    program     static D:\VXL_VDK\LAB4\LCD.asm  
              Write_PortA   0x0002d4    program     static D:\VXL_VDK\LAB4\LCD.asm  
                  LCDBusy   0x0002ec    program     static D:\VXL_VDK\LAB4\LCD.asm  
                    Delay   0x0002f6    program     static D:\VXL_VDK\LAB4\LCD.asm  
                     lap1   0x0002fc    program     static D:\VXL_VDK\LAB4\LCD.asm  
                Delay40ms   0x000304    program     static D:\VXL_VDK\LAB4\LCD.asm  
                     lap3   0x000308    program     static D:\VXL_VDK\LAB4\LCD.asm  
                    start   0x000310    program     static D:\VXL_VDK\LAB4\tn04_5b.asm
                     main   0x000314    program     static D:\VXL_VDK\LAB4\tn04_5b.asm
                     init   0x000322    program     static D:\VXL_VDK\LAB4\tn04_5b.asm
            Timer_process   0x000334    program     extern D:\VXL_VDK\LAB4\tn04_5b.asm
                    bit1s   0x00033e    program     static D:\VXL_VDK\LAB4\tn04_5b.asm
                    bit1c   0x000344    program     static D:\VXL_VDK\LAB4\tn04_5b.asm
                     to2s   0x00034a    program     static D:\VXL_VDK\LAB4\tn04_5b.asm
                     to1s   0x000352    program     static D:\VXL_VDK\LAB4\tn04_5b.asm
                   to0.5s   0x00035a    program     static D:\VXL_VDK\LAB4\tn04_5b.asm
                  isr_low   0x00036a    program     static D:\VXL_VDK\LAB4\tn04_5b.asm
                 isr_high   0x00036e    program     static D:\VXL_VDK\LAB4\tn04_5b.asm
                  lcd_dem   0x000000       data     static D:\VXL_VDK\LAB4\LCD.asm  
                lcd_dem1a   0x000001       data     static D:\VXL_VDK\LAB4\LCD.asm  
                lcd_dem1b   0x000002       data     static D:\VXL_VDK\LAB4\LCD.asm  
                 SPI_temp   0x000003       data     static D:\VXL_VDK\LAB4\LCD.asm  
                   lcd_wr   0x000004       data     extern D:\VXL_VDK\LAB4\LCD.asm  
                 lcd_mask   0x000005       data     static D:\VXL_VDK\LAB4\LCD.asm  
                  lcd_row   0x000006       data     extern D:\VXL_VDK\LAB4\LCD.asm  
                  lcd_col   0x000007       data     extern D:\VXL_VDK\LAB4\LCD.asm  
                  lcd_quo   0x000008       data     static D:\VXL_VDK\LAB4\LCD.asm  
                  lcd_rem   0x000009       data     static D:\VXL_VDK\LAB4\LCD.asm  
                  lcd_cnt   0x00000a       data     static D:\VXL_VDK\LAB4\LCD.asm  
                  dec_buf   0x00000b       data     static D:\VXL_VDK\LAB4\LCD.asm  
                  hex_buf   0x000011       data     static D:\VXL_VDK\LAB4\LCD.asm  
                 lcd_dslo   0x000013       data     static D:\VXL_VDK\LAB4\LCD.asm  
                 lcd_dshi   0x000014       data     static D:\VXL_VDK\LAB4\LCD.asm  
                 lcd_arlo   0x000015       data     static D:\VXL_VDK\LAB4\LCD.asm  
                 lcd_arhi   0x000016       data     static D:\VXL_VDK\LAB4\LCD.asm  
                 lcd_qolo   0x000017       data     static D:\VXL_VDK\LAB4\LCD.asm  
                 lcd_qohi   0x000018       data     static D:\VXL_VDK\LAB4\LCD.asm  
                      dem   0x000019       data     static D:\VXL_VDK\LAB4\tn04_5b.asm
                    flags   0x00001a       data     static D:\VXL_VDK\LAB4\tn04_5b.asm
                      idx   0x00001b       data     static D:\VXL_VDK\LAB4\tn04_5b.asm


