MPLINK 4.49, Linker
Linker Map File - Created Thu Dec 24 10:53:06 2020

                                 Section Info
                  Section       Type    Address   Location Size(Bytes)
                ---------  ---------  ---------  ---------  ---------
                    .code       code   0x000000    program   0x000004
                   .cinit    romdata   0x000004    program   0x000002
                   .org_0       code   0x000008    program   0x000004
                   .org_1       code   0x000018    program   0x000004
                      PRG       code   0x00001c    program   0x0003b2
      .config_300001_BT.O    romdata   0x300001    program   0x000001
      .config_300003_BT.O    romdata   0x300003    program   0x000001
      .config_300006_BT.O    romdata   0x300006    program   0x000001
               D_LCD_DATA      udata   0x000000       data   0x000019
               .udata_acs      udata   0x000019       data   0x000010



                              Program Memory Usage 
                               Start         End      
                           ---------   ---------      
                            0x000000    0x000005      
                            0x000008    0x00000b      
                            0x000018    0x0003cd      
                            0x300001    0x300001      
                            0x300003    0x300003      
                            0x300006    0x300006      
            963 out of 132120 program addresses used, program memory utilization is 0%



                              Symbols - Sorted by Name
                     Name    Address   Location    Storage File                     
                ---------  ---------  ---------  --------- ---------                
                   D10241   0x00010a    program     static D:\VXL_VDK\LAB5\LCD.asm  
                   D10242   0x000112    program     static D:\VXL_VDK\LAB5\LCD.asm  
                 D1024end   0x000116    program     static D:\VXL_VDK\LAB5\LCD.asm  
                    Delay   0x0002f6    program     static D:\VXL_VDK\LAB5\LCD.asm  
                Delay40ms   0x000304    program     static D:\VXL_VDK\LAB5\LCD.asm  
                  Div1024   0x000106    program     extern D:\VXL_VDK\LAB5\LCD.asm  
              GetScancode   0x000330    program     static D:\VXL_VDK\LAB5\bt.asm   
                   Getkey   0x000352    program     static D:\VXL_VDK\LAB5\bt.asm   
                Getkeyend   0x000372    program     static D:\VXL_VDK\LAB5\bt.asm   
               Inc_rowidx   0x00037c    program     static D:\VXL_VDK\LAB5\bt.asm   
              Key_process   0x000396    program     static D:\VXL_VDK\LAB5\bt.asm   
                  LCDBusy   0x0002ec    program     static D:\VXL_VDK\LAB5\LCD.asm  
                  Lcd_cls   0x000074    program     extern D:\VXL_VDK\LAB5\LCD.asm  
               Lcd_gotoxy   0x00007e    program     extern D:\VXL_VDK\LAB5\LCD.asm  
                 Lcd_init   0x000042    program     extern D:\VXL_VDK\LAB5\LCD.asm  
                 Lcd_putb   0x0001fa    program     extern D:\VXL_VDK\LAB5\LCD.asm  
                 Lcd_putc   0x000092    program     extern D:\VXL_VDK\LAB5\LCD.asm  
                 Lcd_puth   0x000204    program     extern D:\VXL_VDK\LAB5\LCD.asm  
               Lcd_putram   0x00022c    program     extern D:\VXL_VDK\LAB5\LCD.asm  
               Lcd_putrom   0x00023a    program     extern D:\VXL_VDK\LAB5\LCD.asm  
                 Lcd_putw   0x000188    program     extern D:\VXL_VDK\LAB5\LCD.asm  
            SPIPortA_init   0x00028c    program     static D:\VXL_VDK\LAB5\LCD.asm  
            SPIPortB_init   0x0002a4    program     static D:\VXL_VDK\LAB5\LCD.asm  
                 SPI_init   0x000270    program     extern D:\VXL_VDK\LAB5\LCD.asm  
                 SPI_send   0x00027e    program     static D:\VXL_VDK\LAB5\LCD.asm  
              Timer0_init   0x00001c    program     extern D:\VXL_VDK\LAB4\Timer.asm
               Timer0_isr   0x00003c    program     extern D:\VXL_VDK\LAB4\Timer.asm
             Timer0_reset   0x00002c    program     static D:\VXL_VDK\LAB4\Timer.asm
            Timer_process   0x000386    program     extern D:\VXL_VDK\LAB5\bt.asm   
              Write_PortA   0x0002d4    program     static D:\VXL_VDK\LAB5\LCD.asm  
              Write_PortB   0x0002bc    program     static D:\VXL_VDK\LAB5\LCD.asm  
                      b2a   0x0001de    program     static D:\VXL_VDK\LAB5\LCD.asm  
                  b_div10   0x000192    program     static D:\VXL_VDK\LAB5\LCD.asm  
                     b_m1   0x00019a    program     static D:\VXL_VDK\LAB5\LCD.asm  
                     b_m2   0x0001ae    program     static D:\VXL_VDK\LAB5\LCD.asm  
                     b_m3   0x0001b0    program     static D:\VXL_VDK\LAB5\LCD.asm  
                  b_mod10   0x0001b8    program     static D:\VXL_VDK\LAB5\LCD.asm  
                    bcd2d   0x0001d0    program     extern D:\VXL_VDK\LAB5\LCD.asm  
                    bcd2p   0x0001be    program     extern D:\VXL_VDK\LAB5\LCD.asm  
                  d_write   0x00024a    program     static D:\VXL_VDK\LAB5\LCD.asm  
                   decrow   0x0003c2    program     static D:\VXL_VDK\LAB5\bt.asm   
                     exit   0x0003c6    program     static D:\VXL_VDK\LAB5\bt.asm   
                    f_a21   0x000132    program     static D:\VXL_VDK\LAB5\LCD.asm  
                    f_a22   0x000150    program     static D:\VXL_VDK\LAB5\LCD.asm  
                f_a2over1   0x000154    program     static D:\VXL_VDK\LAB5\LCD.asm  
                f_a2over2   0x000156    program     static D:\VXL_VDK\LAB5\LCD.asm  
                f_a2over3   0x00015c    program     static D:\VXL_VDK\LAB5\LCD.asm  
                    f_ar1   0x0000c6    program     static D:\VXL_VDK\LAB5\LCD.asm  
                    f_ar2   0x0000e4    program     static D:\VXL_VDK\LAB5\LCD.asm  
                f_arover1   0x0000e8    program     static D:\VXL_VDK\LAB5\LCD.asm  
                f_arover2   0x0000ea    program     static D:\VXL_VDK\LAB5\LCD.asm  
                f_arover3   0x0000f0    program     static D:\VXL_VDK\LAB5\LCD.asm  
                  find_ar   0x0000ba    program     static D:\VXL_VDK\LAB5\LCD.asm  
                 find_ar2   0x000126    program     static D:\VXL_VDK\LAB5\LCD.asm  
                   getend   0x00034e    program     static D:\VXL_VDK\LAB5\bt.asm   
                  getrow1   0x00034c    program     static D:\VXL_VDK\LAB5\bt.asm   
                  getrow2   0x000348    program     static D:\VXL_VDK\LAB5\bt.asm   
                  getrow3   0x000344    program     static D:\VXL_VDK\LAB5\bt.asm   
                  getrow4   0x000340    program     static D:\VXL_VDK\LAB5\bt.asm   
                      h2a   0x000218    program     static D:\VXL_VDK\LAB5\LCD.asm  
                     h2a1   0x000226    program     static D:\VXL_VDK\LAB5\LCD.asm  
                     h2a2   0x000228    program     static D:\VXL_VDK\LAB5\LCD.asm  
                  i_write   0x00025e    program     static D:\VXL_VDK\LAB5\LCD.asm  
                   incrow   0x0003be    program     static D:\VXL_VDK\LAB5\bt.asm   
                     init   0x000318    program     static D:\VXL_VDK\LAB5\bt.asm   
                 isr_high   0x0003c8    program     static D:\VXL_VDK\LAB5\bt.asm   
                  isr_low   0x0003ca    program     static D:\VXL_VDK\LAB5\bt.asm   
                     lap1   0x0002fc    program     static D:\VXL_VDK\LAB5\LCD.asm  
                     lap3   0x000308    program     static D:\VXL_VDK\LAB5\LCD.asm  
                     main   0x000316    program     static D:\VXL_VDK\LAB5\bt.asm   
                  putram1   0x000232    program     static D:\VXL_VDK\LAB5\LCD.asm  
                  putrom1   0x000242    program     static D:\VXL_VDK\LAB5\LCD.asm  
                     row1   0x000084    program     static D:\VXL_VDK\LAB5\LCD.asm  
                     row2   0x000086    program     static D:\VXL_VDK\LAB5\LCD.asm  
                 rowcheck   0x0003b4    program     static D:\VXL_VDK\LAB5\bt.asm   
                   rowend   0x00008a    program     static D:\VXL_VDK\LAB5\LCD.asm  
                    start   0x000310    program     static D:\VXL_VDK\LAB5\bt.asm   
                      w2a   0x000172    program     static D:\VXL_VDK\LAB5\LCD.asm  
                     w2a1   0x00017c    program     static D:\VXL_VDK\LAB5\LCD.asm  
                   w_divb   0x000098    program     static D:\VXL_VDK\LAB5\LCD.asm  
                  w_divb1   0x00009c    program     static D:\VXL_VDK\LAB5\LCD.asm  
                  w_divb2   0x0000a6    program     static D:\VXL_VDK\LAB5\LCD.asm  
                w_divbend   0x0000aa    program     static D:\VXL_VDK\LAB5\LCD.asm  
                    wait1   0x000282    program     static D:\VXL_VDK\LAB5\LCD.asm  
                 SPI_temp   0x000003       data     static D:\VXL_VDK\LAB5\LCD.asm  
                    count   0x00001d       data     static D:\VXL_VDK\LAB5\bt.asm   
                  dec_buf   0x00000b       data     static D:\VXL_VDK\LAB5\LCD.asm  
                      dem   0x000019       data     static D:\VXL_VDK\LAB5\bt.asm   
                     dem1   0x00001a       data     static D:\VXL_VDK\LAB5\bt.asm   
                     dem2   0x00001b       data     static D:\VXL_VDK\LAB5\bt.asm   
                     dem3   0x00001c       data     static D:\VXL_VDK\LAB5\bt.asm   
                    direc   0x000025       data     static D:\VXL_VDK\LAB5\bt.asm   
                  hex_buf   0x000011       data     static D:\VXL_VDK\LAB5\LCD.asm  
                      key   0x000023       data     static D:\VXL_VDK\LAB5\bt.asm   
                 key_code   0x000022       data     static D:\VXL_VDK\LAB5\bt.asm   
                 lcd_arhi   0x000016       data     static D:\VXL_VDK\LAB5\LCD.asm  
                 lcd_arlo   0x000015       data     static D:\VXL_VDK\LAB5\LCD.asm  
                  lcd_cnt   0x00000a       data     static D:\VXL_VDK\LAB5\LCD.asm  
                  lcd_col   0x000007       data     extern D:\VXL_VDK\LAB5\LCD.asm  
                  lcd_dem   0x000000       data     static D:\VXL_VDK\LAB5\LCD.asm  
                lcd_dem1a   0x000001       data     static D:\VXL_VDK\LAB5\LCD.asm  
                lcd_dem1b   0x000002       data     static D:\VXL_VDK\LAB5\LCD.asm  
                 lcd_dshi   0x000014       data     static D:\VXL_VDK\LAB5\LCD.asm  
                 lcd_dslo   0x000013       data     static D:\VXL_VDK\LAB5\LCD.asm  
                 lcd_mask   0x000005       data     static D:\VXL_VDK\LAB5\LCD.asm  
                 lcd_qohi   0x000018       data     static D:\VXL_VDK\LAB5\LCD.asm  
                 lcd_qolo   0x000017       data     static D:\VXL_VDK\LAB5\LCD.asm  
                  lcd_quo   0x000008       data     static D:\VXL_VDK\LAB5\LCD.asm  
                  lcd_rem   0x000009       data     static D:\VXL_VDK\LAB5\LCD.asm  
                  lcd_row   0x000006       data     extern D:\VXL_VDK\LAB5\LCD.asm  
                   lcd_wr   0x000004       data     extern D:\VXL_VDK\LAB5\LCD.asm  
                   lcdcol   0x000028       data     static D:\VXL_VDK\LAB5\bt.asm   
                   lcdrow   0x000027       data     static D:\VXL_VDK\LAB5\bt.asm   
                  row_idx   0x000021       data     static D:\VXL_VDK\LAB5\bt.asm   
                scan_code   0x000024       data     static D:\VXL_VDK\LAB5\bt.asm   
                     temp   0x000026       data     static D:\VXL_VDK\LAB5\bt.asm   



                              Symbols - Sorted by Address
                     Name    Address   Location    Storage File                     
                ---------  ---------  ---------  --------- ---------                
              Timer0_init   0x00001c    program     extern D:\VXL_VDK\LAB4\Timer.asm
             Timer0_reset   0x00002c    program     static D:\VXL_VDK\LAB4\Timer.asm
               Timer0_isr   0x00003c    program     extern D:\VXL_VDK\LAB4\Timer.asm
                 Lcd_init   0x000042    program     extern D:\VXL_VDK\LAB5\LCD.asm  
                  Lcd_cls   0x000074    program     extern D:\VXL_VDK\LAB5\LCD.asm  
               Lcd_gotoxy   0x00007e    program     extern D:\VXL_VDK\LAB5\LCD.asm  
                     row1   0x000084    program     static D:\VXL_VDK\LAB5\LCD.asm  
                     row2   0x000086    program     static D:\VXL_VDK\LAB5\LCD.asm  
                   rowend   0x00008a    program     static D:\VXL_VDK\LAB5\LCD.asm  
                 Lcd_putc   0x000092    program     extern D:\VXL_VDK\LAB5\LCD.asm  
                   w_divb   0x000098    program     static D:\VXL_VDK\LAB5\LCD.asm  
                  w_divb1   0x00009c    program     static D:\VXL_VDK\LAB5\LCD.asm  
                  w_divb2   0x0000a6    program     static D:\VXL_VDK\LAB5\LCD.asm  
                w_divbend   0x0000aa    program     static D:\VXL_VDK\LAB5\LCD.asm  
                  find_ar   0x0000ba    program     static D:\VXL_VDK\LAB5\LCD.asm  
                    f_ar1   0x0000c6    program     static D:\VXL_VDK\LAB5\LCD.asm  
                    f_ar2   0x0000e4    program     static D:\VXL_VDK\LAB5\LCD.asm  
                f_arover1   0x0000e8    program     static D:\VXL_VDK\LAB5\LCD.asm  
                f_arover2   0x0000ea    program     static D:\VXL_VDK\LAB5\LCD.asm  
                f_arover3   0x0000f0    program     static D:\VXL_VDK\LAB5\LCD.asm  
                  Div1024   0x000106    program     extern D:\VXL_VDK\LAB5\LCD.asm  
                   D10241   0x00010a    program     static D:\VXL_VDK\LAB5\LCD.asm  
                   D10242   0x000112    program     static D:\VXL_VDK\LAB5\LCD.asm  
                 D1024end   0x000116    program     static D:\VXL_VDK\LAB5\LCD.asm  
                 find_ar2   0x000126    program     static D:\VXL_VDK\LAB5\LCD.asm  
                    f_a21   0x000132    program     static D:\VXL_VDK\LAB5\LCD.asm  
                    f_a22   0x000150    program     static D:\VXL_VDK\LAB5\LCD.asm  
                f_a2over1   0x000154    program     static D:\VXL_VDK\LAB5\LCD.asm  
                f_a2over2   0x000156    program     static D:\VXL_VDK\LAB5\LCD.asm  
                f_a2over3   0x00015c    program     static D:\VXL_VDK\LAB5\LCD.asm  
                      w2a   0x000172    program     static D:\VXL_VDK\LAB5\LCD.asm  
                     w2a1   0x00017c    program     static D:\VXL_VDK\LAB5\LCD.asm  
                 Lcd_putw   0x000188    program     extern D:\VXL_VDK\LAB5\LCD.asm  
                  b_div10   0x000192    program     static D:\VXL_VDK\LAB5\LCD.asm  
                     b_m1   0x00019a    program     static D:\VXL_VDK\LAB5\LCD.asm  
                     b_m2   0x0001ae    program     static D:\VXL_VDK\LAB5\LCD.asm  
                     b_m3   0x0001b0    program     static D:\VXL_VDK\LAB5\LCD.asm  
                  b_mod10   0x0001b8    program     static D:\VXL_VDK\LAB5\LCD.asm  
                    bcd2p   0x0001be    program     extern D:\VXL_VDK\LAB5\LCD.asm  
                    bcd2d   0x0001d0    program     extern D:\VXL_VDK\LAB5\LCD.asm  
                      b2a   0x0001de    program     static D:\VXL_VDK\LAB5\LCD.asm  
                 Lcd_putb   0x0001fa    program     extern D:\VXL_VDK\LAB5\LCD.asm  
                 Lcd_puth   0x000204    program     extern D:\VXL_VDK\LAB5\LCD.asm  
                      h2a   0x000218    program     static D:\VXL_VDK\LAB5\LCD.asm  
                     h2a1   0x000226    program     static D:\VXL_VDK\LAB5\LCD.asm  
                     h2a2   0x000228    program     static D:\VXL_VDK\LAB5\LCD.asm  
               Lcd_putram   0x00022c    program     extern D:\VXL_VDK\LAB5\LCD.asm  
                  putram1   0x000232    program     static D:\VXL_VDK\LAB5\LCD.asm  
               Lcd_putrom   0x00023a    program     extern D:\VXL_VDK\LAB5\LCD.asm  
                  putrom1   0x000242    program     static D:\VXL_VDK\LAB5\LCD.asm  
                  d_write   0x00024a    program     static D:\VXL_VDK\LAB5\LCD.asm  
                  i_write   0x00025e    program     static D:\VXL_VDK\LAB5\LCD.asm  
                 SPI_init   0x000270    program     extern D:\VXL_VDK\LAB5\LCD.asm  
                 SPI_send   0x00027e    program     static D:\VXL_VDK\LAB5\LCD.asm  
                    wait1   0x000282    program     static D:\VXL_VDK\LAB5\LCD.asm  
            SPIPortA_init   0x00028c    program     static D:\VXL_VDK\LAB5\LCD.asm  
            SPIPortB_init   0x0002a4    program     static D:\VXL_VDK\LAB5\LCD.asm  
              Write_PortB   0x0002bc    program     static D:\VXL_VDK\LAB5\LCD.asm  
              Write_PortA   0x0002d4    program     static D:\VXL_VDK\LAB5\LCD.asm  
                  LCDBusy   0x0002ec    program     static D:\VXL_VDK\LAB5\LCD.asm  
                    Delay   0x0002f6    program     static D:\VXL_VDK\LAB5\LCD.asm  
                     lap1   0x0002fc    program     static D:\VXL_VDK\LAB5\LCD.asm  
                Delay40ms   0x000304    program     static D:\VXL_VDK\LAB5\LCD.asm  
                     lap3   0x000308    program     static D:\VXL_VDK\LAB5\LCD.asm  
                    start   0x000310    program     static D:\VXL_VDK\LAB5\bt.asm   
                     main   0x000316    program     static D:\VXL_VDK\LAB5\bt.asm   
                     init   0x000318    program     static D:\VXL_VDK\LAB5\bt.asm   
              GetScancode   0x000330    program     static D:\VXL_VDK\LAB5\bt.asm   
                  getrow4   0x000340    program     static D:\VXL_VDK\LAB5\bt.asm   
                  getrow3   0x000344    program     static D:\VXL_VDK\LAB5\bt.asm   
                  getrow2   0x000348    program     static D:\VXL_VDK\LAB5\bt.asm   
                  getrow1   0x00034c    program     static D:\VXL_VDK\LAB5\bt.asm   
                   getend   0x00034e    program     static D:\VXL_VDK\LAB5\bt.asm   
                   Getkey   0x000352    program     static D:\VXL_VDK\LAB5\bt.asm   
                Getkeyend   0x000372    program     static D:\VXL_VDK\LAB5\bt.asm   
               Inc_rowidx   0x00037c    program     static D:\VXL_VDK\LAB5\bt.asm   
            Timer_process   0x000386    program     extern D:\VXL_VDK\LAB5\bt.asm   
              Key_process   0x000396    program     static D:\VXL_VDK\LAB5\bt.asm   
                 rowcheck   0x0003b4    program     static D:\VXL_VDK\LAB5\bt.asm   
                   incrow   0x0003be    program     static D:\VXL_VDK\LAB5\bt.asm   
                   decrow   0x0003c2    program     static D:\VXL_VDK\LAB5\bt.asm   
                     exit   0x0003c6    program     static D:\VXL_VDK\LAB5\bt.asm   
                 isr_high   0x0003c8    program     static D:\VXL_VDK\LAB5\bt.asm   
                  isr_low   0x0003ca    program     static D:\VXL_VDK\LAB5\bt.asm   
                  lcd_dem   0x000000       data     static D:\VXL_VDK\LAB5\LCD.asm  
                lcd_dem1a   0x000001       data     static D:\VXL_VDK\LAB5\LCD.asm  
                lcd_dem1b   0x000002       data     static D:\VXL_VDK\LAB5\LCD.asm  
                 SPI_temp   0x000003       data     static D:\VXL_VDK\LAB5\LCD.asm  
                   lcd_wr   0x000004       data     extern D:\VXL_VDK\LAB5\LCD.asm  
                 lcd_mask   0x000005       data     static D:\VXL_VDK\LAB5\LCD.asm  
                  lcd_row   0x000006       data     extern D:\VXL_VDK\LAB5\LCD.asm  
                  lcd_col   0x000007       data     extern D:\VXL_VDK\LAB5\LCD.asm  
                  lcd_quo   0x000008       data     static D:\VXL_VDK\LAB5\LCD.asm  
                  lcd_rem   0x000009       data     static D:\VXL_VDK\LAB5\LCD.asm  
                  lcd_cnt   0x00000a       data     static D:\VXL_VDK\LAB5\LCD.asm  
                  dec_buf   0x00000b       data     static D:\VXL_VDK\LAB5\LCD.asm  
                  hex_buf   0x000011       data     static D:\VXL_VDK\LAB5\LCD.asm  
                 lcd_dslo   0x000013       data     static D:\VXL_VDK\LAB5\LCD.asm  
                 lcd_dshi   0x000014       data     static D:\VXL_VDK\LAB5\LCD.asm  
                 lcd_arlo   0x000015       data     static D:\VXL_VDK\LAB5\LCD.asm  
                 lcd_arhi   0x000016       data     static D:\VXL_VDK\LAB5\LCD.asm  
                 lcd_qolo   0x000017       data     static D:\VXL_VDK\LAB5\LCD.asm  
                 lcd_qohi   0x000018       data     static D:\VXL_VDK\LAB5\LCD.asm  
                      dem   0x000019       data     static D:\VXL_VDK\LAB5\bt.asm   
                     dem1   0x00001a       data     static D:\VXL_VDK\LAB5\bt.asm   
                     dem2   0x00001b       data     static D:\VXL_VDK\LAB5\bt.asm   
                     dem3   0x00001c       data     static D:\VXL_VDK\LAB5\bt.asm   
                    count   0x00001d       data     static D:\VXL_VDK\LAB5\bt.asm   
                  row_idx   0x000021       data     static D:\VXL_VDK\LAB5\bt.asm   
                 key_code   0x000022       data     static D:\VXL_VDK\LAB5\bt.asm   
                      key   0x000023       data     static D:\VXL_VDK\LAB5\bt.asm   
                scan_code   0x000024       data     static D:\VXL_VDK\LAB5\bt.asm   
                    direc   0x000025       data     static D:\VXL_VDK\LAB5\bt.asm   
                     temp   0x000026       data     static D:\VXL_VDK\LAB5\bt.asm   
                   lcdrow   0x000027       data     static D:\VXL_VDK\LAB5\bt.asm   
                   lcdcol   0x000028       data     static D:\VXL_VDK\LAB5\bt.asm   


